This is pdfTeX, Version 3.141592653-2.6-1.40.29 (TeX Live 2026) (preloaded format=pdflatex 2026.6.15)  23 JUL 2026 20:09
entering extended mode
 restricted \write18 enabled.
 %&-line parsing enabled.
**print.tex
(./print.tex
LaTeX2e <2026-06-01>
L3 programming layer <2026-05-26>
(/home/uokur/.TinyTeX/texmf-dist/tex/latex/base/report.cls
Document Class: report 2025/01/22 v1.4n Standard LaTeX document class
(/home/uokur/.TinyTeX/texmf-dist/tex/latex/base/size11.clo
File: size11.clo 2025/01/22 v1.4n Standard LaTeX file (size option)
)
\c@part=\count276
\c@chapter=\count277
\c@section=\count278
\c@subsection=\count279
\c@subsubsection=\count280
\c@paragraph=\count281
\c@subparagraph=\count282
\c@figure=\count283
\c@table=\count284
\abovecaptionskip=\skip49
\belowcaptionskip=\skip50
\bibindent=\dimen150
) (/home/uokur/.TinyTeX/texmf-dist/tex/latex/geometry/geometry.sty
Package: geometry 2026/03/07 v6.0 Page Geometry
 (/home/uokur/.TinyTeX/texmf-dist/tex/latex/graphics/keyval.sty
Package: keyval 2026-05-17 v1.15 key=value parser (DPC)
\KV@toks@=\toks17
) (/home/uokur/.TinyTeX/texmf-dist/tex/generic/iftex/ifvtex.sty
Package: ifvtex 2019/10/25 v1.7 ifvtex legacy package. Use iftex instead.
 (/home/uokur/.TinyTeX/texmf-dist/tex/generic/iftex/iftex.sty
Package: iftex 2024/12/12 v1.0g TeX engine tests
))
\Gm@cnth=\count285
\Gm@cntv=\count286
\c@Gm@tempcnt=\count287
\Gm@bindingoffset=\dimen151
\Gm@wd@mp=\dimen152
\Gm@odd@mp=\dimen153
\Gm@even@mp=\dimen154
\Gm@layoutwidth=\dimen155
\Gm@layoutheight=\dimen156
\Gm@layouthoffset=\dimen157
\Gm@layoutvoffset=\dimen158
\Gm@dimlist=\toks18
) (/home/uokur/.TinyTeX/texmf-dist/tex/latex/amsmath/amsmath.sty
Package: amsmath 2026/05/19 v2.18d AMS math features
\@mathmargin=\skip51

For additional information on amsmath, use the `?' option.
(/home/uokur/.TinyTeX/texmf-dist/tex/latex/amsmath/amstext.sty
Package: amstext 2024/11/17 v2.01 AMS text
 (/home/uokur/.TinyTeX/texmf-dist/tex/latex/amsmath/amsgen.sty
File: amsgen.sty 1999/11/30 v2.0 generic functions
\@emptytoks=\toks19
\ex@=\dimen159
)) (/home/uokur/.TinyTeX/texmf-dist/tex/latex/amsmath/amsbsy.sty
Package: amsbsy 1999/11/29 v1.2d Bold Symbols
\pmbraise@=\dimen160
) (/home/uokur/.TinyTeX/texmf-dist/tex/latex/amsmath/amsopn.sty
Package: amsopn 2022/04/08 v2.04 operator names
)
\inf@bad=\count288
LaTeX Info: Redefining \frac on input line 233.
\uproot@=\count289
\leftroot@=\count290
LaTeX Info: Redefining \overline on input line 398.
LaTeX Info: Redefining \colon on input line 409.
\classnum@=\count291
\DOTSCASE@=\count292
LaTeX Info: Redefining \ldots on input line 495.
LaTeX Info: Redefining \dots on input line 498.
LaTeX Info: Redefining \cdots on input line 619.
\Mathstrutbox@=\box53
\strutbox@=\box54
LaTeX Info: Redefining \big on input line 721.
LaTeX Info: Redefining \Big on input line 722.
LaTeX Info: Redefining \bigg on input line 723.
LaTeX Info: Redefining \Bigg on input line 724.
\big@size=\dimen161
LaTeX Font Info:    Redeclaring font encoding OML on input line 742.
LaTeX Font Info:    Redeclaring font encoding OMS on input line 743.
\macc@depth=\count293
LaTeX Info: Redefining \bmod on input line 904.
LaTeX Info: Redefining \pmod on input line 909.
LaTeX Info: Redefining \smash on input line 939.
LaTeX Info: Redefining \relbar on input line 969.
LaTeX Info: Redefining \Relbar on input line 970.
\c@MaxMatrixCols=\count294
\dotsspace@=\muskip17
\c@parentequation=\count295
\dspbrk@lvl=\count296
\tag@help=\toks20
\row@=\count297
\column@=\count298
\maxfields@=\count299
\andhelp@=\toks21
\eqnshift@=\dimen162
\alignsep@=\dimen163
\tagshift@=\dimen164
\tagwidth@=\dimen165
\totwidth@=\dimen166
\lineht@=\dimen167
\@envbody=\toks22
\multlinegap=\skip52
\multlinetaggap=\skip53
\mathdisplay@stack=\toks23
LaTeX Info: Redefining \[ on input line 2965.
LaTeX Info: Redefining \] on input line 2966.
) (/home/uokur/.TinyTeX/texmf-dist/tex/latex/amsfonts/amssymb.sty
Package: amssymb 2013/01/14 v3.01 AMS font symbols
 (/home/uokur/.TinyTeX/texmf-dist/tex/latex/amsfonts/amsfonts.sty
Package: amsfonts 2013/01/14 v3.01 Basic AMSFonts support
\symAMSa=\mathgroup4
\symAMSb=\mathgroup5
LaTeX Font Info:    Redeclaring math symbol \hbar on input line 98.
LaTeX Font Info:    Overwriting math alphabet `\mathfrak' in version `bold'
(Font)                  U/euf/m/n --> U/euf/b/n on input line 106.
)) (/home/uokur/.TinyTeX/texmf-dist/tex/latex/amscls/amsthm.sty
Package: amsthm 2020/05/29 v2.20.6
\thm@style=\toks24
\thm@bodyfont=\toks25
\thm@headfont=\toks26
\thm@notefont=\toks27
\thm@headpunct=\toks28
\thm@preskip=\skip54
\thm@postskip=\skip55
\thm@headsep=\skip56
\dth@everypar=\toks29
) (/home/uokur/.TinyTeX/texmf-dist/tex/latex/base/fontenc.sty
Package: fontenc 2025/07/18 v2.1d Standard LaTeX package
) (/home/uokur/.TinyTeX/texmf-dist/tex/latex/lm/lmodern.sty
Package: lmodern 2015/05/01 v1.6.1 Latin Modern Fonts
LaTeX Font Info:    Overwriting symbol font `operators' in version `normal'
(Font)                  OT1/cmr/m/n --> OT1/lmr/m/n on input line 22.
LaTeX Font Info:    Overwriting symbol font `letters' in version `normal'
(Font)                  OML/cmm/m/it --> OML/lmm/m/it on input line 23.
LaTeX Font Info:    Overwriting symbol font `symbols' in version `normal'
(Font)                  OMS/cmsy/m/n --> OMS/lmsy/m/n on input line 24.
LaTeX Font Info:    Overwriting symbol font `largesymbols' in version `normal'
(Font)                  OMX/cmex/m/n --> OMX/lmex/m/n on input line 25.
LaTeX Font Info:    Overwriting symbol font `operators' in version `bold'
(Font)                  OT1/cmr/bx/n --> OT1/lmr/bx/n on input line 26.
LaTeX Font Info:    Overwriting symbol font `letters' in version `bold'
(Font)                  OML/cmm/b/it --> OML/lmm/b/it on input line 27.
LaTeX Font Info:    Overwriting symbol font `symbols' in version `bold'
(Font)                  OMS/cmsy/b/n --> OMS/lmsy/b/n on input line 28.
LaTeX Font Info:    Overwriting symbol font `largesymbols' in version `bold'
(Font)                  OMX/cmex/m/n --> OMX/lmex/m/n on input line 29.
LaTeX Font Info:    Overwriting math alphabet `\mathbf' in version `normal'
(Font)                  OT1/cmr/bx/n --> OT1/lmr/bx/n on input line 31.
LaTeX Font Info:    Overwriting math alphabet `\mathsf' in version `normal'
(Font)                  OT1/cmss/m/n --> OT1/lmss/m/n on input line 32.
LaTeX Font Info:    Overwriting math alphabet `\mathit' in version `normal'
(Font)                  OT1/cmr/m/it --> OT1/lmr/m/it on input line 33.
LaTeX Font Info:    Overwriting math alphabet `\mathtt' in version `normal'
(Font)                  OT1/cmtt/m/n --> OT1/lmtt/m/n on input line 34.
LaTeX Font Info:    Overwriting math alphabet `\mathbf' in version `bold'
(Font)                  OT1/cmr/bx/n --> OT1/lmr/bx/n on input line 35.
LaTeX Font Info:    Overwriting math alphabet `\mathsf' in version `bold'
(Font)                  OT1/cmss/bx/n --> OT1/lmss/bx/n on input line 36.
LaTeX Font Info:    Overwriting math alphabet `\mathit' in version `bold'
(Font)                  OT1/cmr/bx/it --> OT1/lmr/bx/it on input line 37.
LaTeX Font Info:    Overwriting math alphabet `\mathtt' in version `bold'
(Font)                  OT1/cmtt/m/n --> OT1/lmtt/m/n on input line 38.
) (/home/uokur/.TinyTeX/texmf-dist/tex/latex/hyperref/hyperref.sty
Package: hyperref 2026-04-24 v7.01q Hypertext links for LaTeX
 (/home/uokur/.TinyTeX/texmf-dist/tex/latex/kvsetkeys/kvsetkeys.sty
Package: kvsetkeys 2022-10-05 v1.19 Key value parser (HO)
) (/home/uokur/.TinyTeX/texmf-dist/tex/generic/kvdefinekeys/kvdefinekeys.sty
Package: kvdefinekeys 2019-12-19 v1.6 Define keys (HO)
) (/home/uokur/.TinyTeX/texmf-dist/tex/generic/pdfescape/pdfescape.sty
Package: pdfescape 2019/12/09 v1.15 Implements pdfTeX's escape features (HO)
 (/home/uokur/.TinyTeX/texmf-dist/tex/generic/ltxcmds/ltxcmds.sty
Package: ltxcmds 2023-12-04 v1.26 LaTeX kernel commands for general use (HO)
) (/home/uokur/.TinyTeX/texmf-dist/tex/generic/pdftexcmds/pdftexcmds.sty
Package: pdftexcmds 2020-06-27 v0.33 Utility functions of pdfTeX for LuaTeX (HO)
 (/home/uokur/.TinyTeX/texmf-dist/tex/generic/infwarerr/infwarerr.sty
Package: infwarerr 2019/12/03 v1.5 Providing info/warning/error messages (HO)
)
Package pdftexcmds Info: \pdf@primitive is available.
Package pdftexcmds Info: \pdf@ifprimitive is available.
Package pdftexcmds Info: \pdfdraftmode found.
)) (/home/uokur/.TinyTeX/texmf-dist/tex/latex/hycolor/hycolor.sty
Package: hycolor 2020-01-27 v1.10 Color options for hyperref/bookmark (HO)
) (/home/uokur/.TinyTeX/texmf-dist/tex/latex/hyperref/nameref.sty
Package: nameref 2026-01-29 v2.58 Cross-referencing by name of section
 (/home/uokur/.TinyTeX/texmf-dist/tex/latex/refcount/refcount.sty
Package: refcount 2019/12/15 v3.6 Data extraction from label references (HO)
) (/home/uokur/.TinyTeX/texmf-dist/tex/generic/gettitlestring/gettitlestring.sty
Package: gettitlestring 2019/12/15 v1.6 Cleanup title references (HO)
 (/home/uokur/.TinyTeX/texmf-dist/tex/latex/kvoptions/kvoptions.sty
Package: kvoptions 2022-06-15 v3.15 Key value format for package options (HO)
))
\c@section@level=\count300
) (/home/uokur/.TinyTeX/texmf-dist/tex/latex/etoolbox/etoolbox.sty
Package: etoolbox 2025/10/02 v2.5m e-TeX tools for LaTeX (JAW)
\etb@tempcnta=\count301
) (/home/uokur/.TinyTeX/texmf-dist/tex/generic/stringenc/stringenc.sty
Package: stringenc 2019/11/29 v1.12 Convert strings between diff. encodings (HO)
)
\@linkdim=\dimen168
\Hy@linkcounter=\count302
\Hy@pagecounter=\count303
 (/home/uokur/.TinyTeX/texmf-dist/tex/latex/hyperref/pd1enc.def
File: pd1enc.def 2026-04-24 v7.01q Hyperref: PDFDocEncoding definition (HO)
Now handling font encoding PD1 ...
... no UTF-8 mapping file for font encoding PD1
) (/home/uokur/.TinyTeX/texmf-dist/tex/generic/intcalc/intcalc.sty
Package: intcalc 2019/12/15 v1.3 Expandable calculations with integers (HO)
)
\Hy@SavedSpaceFactor=\count304
 (/home/uokur/.TinyTeX/texmf-dist/tex/latex/hyperref/puenc.def
File: puenc.def 2026-04-24 v7.01q Hyperref: PDF Unicode definition (HO)
Now handling font encoding PU ...
... no UTF-8 mapping file for font encoding PU
)
Package hyperref Info: Hyper figures OFF on input line 4199.
Package hyperref Info: Link nesting OFF on input line 4204.
Package hyperref Info: Hyper index ON on input line 4207.
Package hyperref Info: Plain pages OFF on input line 4214.
Package hyperref Info: Backreferencing OFF on input line 4219.
Package hyperref Info: Implicit mode ON; LaTeX internals redefined.
Package hyperref Info: Bookmarks ON on input line 4466.
\c@Hy@tempcnt=\count305
 (/home/uokur/.TinyTeX/texmf-dist/tex/latex/url/url.sty
\Urlmuskip=\muskip18
Package: url 2013/09/16  ver 3.4  Verb mode for urls, etc.
)
LaTeX Info: Redefining \url on input line 4805.
\XeTeXLinkMargin=\dimen169
 (/home/uokur/.TinyTeX/texmf-dist/tex/generic/bitset/bitset.sty
Package: bitset 2019/12/09 v1.3 Handle bit-vector datatype (HO)
 (/home/uokur/.TinyTeX/texmf-dist/tex/generic/bigintcalc/bigintcalc.sty
Package: bigintcalc 2019/12/15 v1.5 Expandable calculations on big integers (HO)
))
\Fld@menulength=\count306
\Field@Width=\dimen170
\Fld@charsize=\dimen171
Package hyperref Info: Hyper figures OFF on input line 6091.
Package hyperref Info: Link nesting OFF on input line 6096.
Package hyperref Info: Hyper index ON on input line 6099.
Package hyperref Info: backreferencing OFF on input line 6106.
Package hyperref Info: Link coloring OFF on input line 6111.
Package hyperref Info: Link coloring with OCG OFF on input line 6116.
Package hyperref Info: PDF/A mode OFF on input line 6121.
\Hy@abspage=\count307
\c@Item=\count308
\c@Hfootnote=\count309
)
Package hyperref Info: Driver (autodetected): hpdftex.
 (/home/uokur/.TinyTeX/texmf-dist/tex/latex/hyperref/hpdftex.def
File: hpdftex.def 2026-04-24 v7.01q Hyperref driver for pdfTeX
\Fld@listcount=\count310
\c@bookmark@seq@number=\count311
 (/home/uokur/.TinyTeX/texmf-dist/tex/latex/rerunfilecheck/rerunfilecheck.sty
Package: rerunfilecheck 2025-06-21 v1.11 Rerun checks for auxiliary files (HO)
 (/home/uokur/.TinyTeX/texmf-dist/tex/generic/uniquecounter/uniquecounter.sty
Package: uniquecounter 2019/12/15 v1.4 Provide unlimited unique counter (HO)
)
Package uniquecounter Info: New unique counter `rerunfilecheck' on input line 284.
)
\Hy@SectionHShift=\skip57
) (./macros/common.tex
\c@theorem=\count312
) (./macros/print.tex (/home/uokur/.TinyTeX/texmf-dist/tex/latex/xcolor/xcolor.sty
Package: xcolor 2024/09/29 v3.02 LaTeX color extensions (UK)
 (/home/uokur/.TinyTeX/texmf-dist/tex/latex/graphics-cfg/color.cfg
File: color.cfg 2016/01/02 v1.6 sample color configuration
)
Package xcolor Info: Driver file: pdftex.def on input line 274.
 (/home/uokur/.TinyTeX/texmf-dist/tex/latex/graphics-def/pdftex.def
File: pdftex.def 2025/09/29 v1.2d Graphics/color driver for pdftex
) (/home/uokur/.TinyTeX/texmf-dist/tex/latex/graphics/mathcolor.ltx)
Package xcolor Info: Model `cmy' substituted by `cmy0' on input line 1349.
Package xcolor Info: Model `hsb' substituted by `rgb' on input line 1353.
Package xcolor Info: Model `RGB' extended on input line 1365.
Package xcolor Info: Model `HTML' substituted by `rgb' on input line 1367.
Package xcolor Info: Model `Hsb' substituted by `hsb' on input line 1368.
Package xcolor Info: Model `tHsb' substituted by `hsb' on input line 1369.
Package xcolor Info: Model `HSB' substituted by `hsb' on input line 1370.
Package xcolor Info: Model `Gray' substituted by `gray' on input line 1371.
Package xcolor Info: Model `wave' substituted by `hsb' on input line 1372.
))
LaTeX Font Info:    Trying to load font information for T1+lmr on input line 12.
 (/home/uokur/.TinyTeX/texmf-dist/tex/latex/lm/t1lmr.fd
File: t1lmr.fd 2015/05/01 v1.6.1 Font defs for Latin Modern
) (/home/uokur/.TinyTeX/texmf-dist/tex/latex/l3backend/l3backend-pdftex.def
File: l3backend-pdftex.def 2026-02-18 L3 backend support: PDF output (pdfTeX)
\l__color_backend_stack_int=\count313
) (/home/uokur/claude_workspace/ConwayO7/blueprint/print/print.aux)
\openout1 = `print.aux'.

LaTeX Font Info:    Checking defaults for OML/cmm/m/it on input line 12.
LaTeX Font Info:    ... okay on input line 12.
LaTeX Font Info:    Checking defaults for OMS/cmsy/m/n on input line 12.
LaTeX Font Info:    ... okay on input line 12.
LaTeX Font Info:    Checking defaults for OT1/cmr/m/n on input line 12.
LaTeX Font Info:    ... okay on input line 12.
LaTeX Font Info:    Checking defaults for T1/cmr/m/n on input line 12.
LaTeX Font Info:    ... okay on input line 12.
LaTeX Font Info:    Checking defaults for TS1/cmr/m/n on input line 12.
LaTeX Font Info:    ... okay on input line 12.
LaTeX Font Info:    Checking defaults for OMX/cmex/m/n on input line 12.
LaTeX Font Info:    ... okay on input line 12.
LaTeX Font Info:    Checking defaults for U/cmr/m/n on input line 12.
LaTeX Font Info:    ... okay on input line 12.
LaTeX Font Info:    Checking defaults for PD1/pdf/m/n on input line 12.
LaTeX Font Info:    ... okay on input line 12.
LaTeX Font Info:    Checking defaults for PU/pdf/m/n on input line 12.
LaTeX Font Info:    ... okay on input line 12.

*geometry* driver: auto-detecting
*geometry* detected driver: pdftex
*geometry* verbose mode - [ preamble ] result:
* driver: pdftex
* paper: <default>
* layout: <same size as paper>
* layoutoffset:(h,v)=(0.0pt,0.0pt)
* modes: 
* h-part:(L,W,R)=(73.97733pt, 466.34035pt, 73.97733pt)
* v-part:(T,H,B)=(73.97733pt, 647.01534pt, 73.97733pt)
* \paperwidth=614.295pt
* \paperheight=794.96999pt
* \textwidth=466.34035pt
* \textheight=647.01534pt
* \oddsidemargin=1.70734pt
* \evensidemargin=1.70734pt
* \topmargin=-35.29266pt
* \headheight=12.0pt
* \headsep=25.0pt
* \topskip=11.0pt
* \footskip=30.0pt
* \marginparwidth=59.0pt
* \marginparsep=10.0pt
* \columnsep=10.0pt
* \skip\footins=10.0pt plus 4.0pt minus 2.0pt
* \hoffset=0.0pt
* \voffset=0.0pt
* \mag=1000
* \@twocolumnfalse
* \@twosidefalse
* \@mparswitchfalse
* \@reversemarginfalse
* (1in=72.27pt=25.4mm, 1cm=28.453pt)

Package hyperref Info: Link coloring OFF on input line 12.
(/home/uokur/claude_workspace/ConwayO7/blueprint/print/print.out) (/home/uokur/claude_workspace/ConwayO7/blueprint/print/print.out)
\@outlinefile=\write3
\openout3 = `print.out'.

LaTeX Font Info:    Trying to load font information for OT1+lmr on input line 14.
 (/home/uokur/.TinyTeX/texmf-dist/tex/latex/lm/ot1lmr.fd
File: ot1lmr.fd 2015/05/01 v1.6.1 Font defs for Latin Modern
)
LaTeX Font Info:    Trying to load font information for OML+lmm on input line 14.
 (/home/uokur/.TinyTeX/texmf-dist/tex/latex/lm/omllmm.fd
File: omllmm.fd 2015/05/01 v1.6.1 Font defs for Latin Modern
)
LaTeX Font Info:    Trying to load font information for OMS+lmsy on input line 14.
 (/home/uokur/.TinyTeX/texmf-dist/tex/latex/lm/omslmsy.fd
File: omslmsy.fd 2015/05/01 v1.6.1 Font defs for Latin Modern
)
LaTeX Font Info:    Trying to load font information for OMX+lmex on input line 14.
 (/home/uokur/.TinyTeX/texmf-dist/tex/latex/lm/omxlmex.fd
File: omxlmex.fd 2015/05/01 v1.6.1 Font defs for Latin Modern
)
LaTeX Font Info:    External font `lmex10' loaded for size
(Font)              <17.28> on input line 14.
LaTeX Font Info:    External font `lmex10' loaded for size
(Font)              <12> on input line 14.
LaTeX Font Info:    External font `lmex10' loaded for size
(Font)              <10> on input line 14.
LaTeX Font Info:    Trying to load font information for U+msa on input line 14.
 (/home/uokur/.TinyTeX/texmf-dist/tex/latex/amsfonts/umsa.fd
File: umsa.fd 2013/01/14 v3.01 AMS symbols A
)
LaTeX Font Info:    Trying to load font information for U+msb on input line 14.
 (/home/uokur/.TinyTeX/texmf-dist/tex/latex/amsfonts/umsb.fd
File: umsb.fd 2013/01/14 v3.01 AMS symbols B
) [1

{/home/uokur/.TinyTeX/texmf-var/fonts/map/pdftex/updmap/pdftex.map}{/home/uokur/.TinyTeX/texmf-dist/fonts/enc/dvips/lm/lm-ec.enc}{/home/uokur/.TinyTeX/texmf-dist/fonts/enc/dvips/lm/lm-rm.enc}{/home/uokur/.TinyTeX/texmf-dist/fonts/enc/dvips/lm/lm-mathit.enc}] (/home/uokur/claude_workspace/ConwayO7/blueprint/print/print.toc
LaTeX Font Info:    External font `lmex10' loaded for size
(Font)              <10.95> on input line 3.
LaTeX Font Info:    External font `lmex10' loaded for size
(Font)              <8> on input line 3.
LaTeX Font Info:    External font `lmex10' loaded for size
(Font)              <6> on input line 3.
)
\tf@toc=\write4
\openout4 = `print.toc'.

 (./content.tex (./chapters/ch0-intro.tex) (./chapters/ch1-statement.tex
pdfTeX warning (ext4): destination with the same identifier (name{page.1}) has been already used, duplicate ignored
<to be read again> 
                   \relax 
l.1 \chapter
            {Strongly regular graphs and the statement} [1

]
Chapter 1.
LaTeX Font Info:    Trying to load font information for T1+lmtt on input line 10.
(/home/uokur/.TinyTeX/texmf-dist/tex/latex/lm/t1lmtt.fd
File: t1lmtt.fd 2015/05/01 v1.6.1 Font defs for Latin Modern
)
LaTeX Font Info:    External font `lmex10' loaded for size
(Font)              <9> on input line 10.
LaTeX Font Info:    External font `lmex10' loaded for size
(Font)              <5> on input line 10.
 [2

{/home/uokur/.TinyTeX/texmf-dist/fonts/enc/dvips/lm/lm-mathsy.enc}]) (./chapters/ch2-group.tex [3]
Chapter 2.
[4

]
LaTeX Font Info:    External font `lmex10' loaded for size
(Font)              <14.4> on input line 71.
LaTeX Font Info:    External font `lmex10' loaded for size
(Font)              <7> on input line 71.

Overfull \hbox (15.69548pt too wide) in paragraph at lines 110--113
[][]\T1/lmr/bx/n/10.95 Lemma 13 \T1/lmr/m/n/10.95 (Equiv-ari-ance of com-mon neigh-bour-hoods)\T1/lmr/bx/n/10.95 . []\T1/lmr/m/it/10.95 Let $\OML/lmm/m/it/10.95 ^^Y$ \T1/lmr/m/it/10.95 be a per-mu-ta-tion of $\OML/lmm/m/it/10.95 V$ \T1/lmr/m/it/10.95 with $\OT1/lmr/m/n/10.95 ^^@(\OML/lmm/m/it/10.95 ^^Yu; ^^Yv\OT1/lmr/m/n/10.95 ) \OMS/lmsy/m/n/10.95 ,
 []

[5{/home/uokur/.TinyTeX/texmf-dist/fonts/enc/dvips/lm/lm-mathex.enc}]
Overfull \hbox (3.07314pt too wide) in paragraph at lines 145--149
\T1/lmr/m/it/9 uses: lem:grp-fixed-congruence, lem:grp-unique-triangle, lem:grp-mu-pair, lem:grp-equivariance, lem:grp-rigidity \T1/lmr/m/it/10.95 Step
 []

[6]
Overfull \hbox (7.85631pt too wide) in paragraph at lines 219--222
[][]$[]$[]\T1/lmr/m/n/10.95 Cauchy's the-o-rem for the fi-nite group $[] \OML/lmm/m/it/10.95 G$ \T1/lmr/m/n/10.95 (math-lib's \T1/lmtt/m/n/10.95 exists_prime_orderOf_dvd_card\T1/lmr/m/n/10.95 )
 []

[7]
Overfull \hbox (6.4553pt too wide) in paragraph at lines 344--347
[][]$[]$[]\T1/lmr/m/n/10.95 The iso-mor-phism iden-ti-fies neigh-bour-hoods and com-mon neigh-bour-hoods vertex-by-vertex,
 []

[8]) (./chapters/ch3-encoding.tex [9]
Chapter 3.
[10

] [11] [12] [13]
Overfull \hbox (19.90012pt too wide) in paragraph at lines 352--359
[][]$[]$[]\T1/lmr/m/n/10.95 Again in-duc-tion over a bi-nary tree, but each in-ter-nal node now merges two quo-tient/remainder
 []

[14] [15] [16]) (./chapters/ch4-lex.tex [17]
Chapter 4.
[18

]
Overfull \hbox (4.63705pt too wide) in paragraph at lines 124--128
[][]\T1/lmr/bx/n/10.95 Lemma 75 \T1/lmr/m/n/10.95 (Nor-mal-i-sa-tion of the fixed ver-tex's neigh-bour-hood)\T1/lmr/bx/n/10.95 . []\T1/lmr/m/it/10.95 Ev-ery $\OML/lmm/m/it/10.95 ^^[[]$\T1/lmr/m/it/10.95 -invariant $[]\OT1/lmr/m/n/10.95 (99\OML/lmm/m/it/10.95 ; \OT1/lmr/m/n/10.95 14\OML/lmm/m/it/10.95 ; \OT1/lmr/m/n/10.95 1\OML/lmm/m/it/10.95 ; \OT1/lmr/m/n/10.95 2)$
 []

[19] [20]
Overfull \hbox (2.78775pt too wide) in paragraph at lines 256--259
[][]\T1/lmr/bx/n/10.95 Lemma 85 \T1/lmr/m/n/10.95 (Ex-is-tence of a reach-able min-i-mum)\T1/lmr/bx/n/10.95 . []\T1/lmr/m/it/10.95 For ev-ery $\OML/lmm/m/it/10.95 !$ \T1/lmr/m/it/10.95 there is $\OML/lmm/m/it/10.95 ![] \OMS/lmsy/m/n/10.95 2 R\OT1/lmr/m/n/10.95 (\OML/lmm/m/it/10.95 !\OT1/lmr/m/n/10.95 )$ \T1/lmr/m/it/10.95 with $[]\OT1/lmr/m/n/10.95 (\OML/lmm/m/it/10.95 ![]\OT1/lmr/m/n/10.95 ) \OMS/lmsy/m/n/10.95 ^^T
 []

[21]
Overfull \hbox (87.15631pt too wide) in paragraph at lines 322--323
[]\T1/lmtt/m/it/9 Lean: ConwayO7.Encoder.lex_section_trip, ConwayO7.Encoder.specAddLexLeq_trip, ConwayO7.Encoder.specLexAgainst_trip[][]$[]$[] 
 []

[22]) (./chapters/ch5-coverage.tex [23]
Chapter 5.
LaTeX Font Info:    Trying to load font information for TS1+lmr on input line 35.
(/home/uokur/.TinyTeX/texmf-dist/tex/latex/lm/ts1lmr.fd
File: ts1lmr.fd 2015/05/01 v1.6.1 Font defs for Latin Modern
) [24

{/home/uokur/.TinyTeX/texmf-dist/fonts/enc/dvips/lm/lm-ts1.enc}]
Overfull \hbox (15.9721pt too wide) in paragraph at lines 95--99
[]\T1/lmr/m/it/9 uses: lem:cnf-withcube-eval \T1/lmr/m/n/10.95 Any val-u-a-tion sat-is-fy-ing $\OML/lmm/m/it/10.95 F$ \T1/lmr/m/n/10.95 sat-is-fies some $\OML/lmm/m/it/10.95 c[]$\T1/lmr/m/n/10.95 , hence by Lemma []101[]
 []


Overfull \hbox (110.10854pt too wide) in paragraph at lines 112--113
[]\T1/lmtt/m/n/9 Lean: ConwayO7.Dimacs.litOfInt, ConwayO7.Dimacs.parseDimacs, ConwayO7.Dimacs.serializeDimacs, ConwayO7.Dimacs.parseCubes,
 []

[25] [26] [27] [28]) (./chapters/ch6-certificates.tex [29]
Chapter 6.
LaTeX Font Info:    Trying to load font information for T1+lmss on input line 53.
(/home/uokur/.TinyTeX/texmf-dist/tex/latex/lm/t1lmss.fd
File: t1lmss.fd 2015/05/01 v1.6.1 Font defs for Latin Modern
) [30

]) (./chapters/ch7-trustedbase.tex [31])) [32

] (/home/uokur/claude_workspace/ConwayO7/blueprint/print/print.aux)
 ***********
LaTeX2e <2026-06-01>
L3 programming layer <2026-05-26>
 ***********
Package rerunfilecheck Info: File `print.out' has not changed.
(rerunfilecheck)             Checksum: 0207EBAB7910A4CA71736D9FAF3E143E;6098.
 ) 
Here is how much of TeX's memory you used:
 11099 strings out of 469086
 168931 string characters out of 5457830
 597211 words of memory out of 5000000
 39723 multiletter control sequences out of 15000+600000
 736555 words of font info for 117 fonts, out of 8000000 for 9000
 36 hyphenation exceptions out of 8191
 74i,8n,79p,542b,691s stack positions out of 10000i,1000n,20000p,200000b,200000s
</home/uokur/.TinyTeX/texmf-dist/fonts/type1/public/lm/lmbx10.pfb></home/uokur/.TinyTeX/texmf-dist/fonts/type1/public/lm/lmbx12.pfb></home/uokur/.TinyTeX/texmf-dist/fonts/type1/public/lm/lmex10.pfb></home/uokur/.TinyTeX/texmf-dist/fonts/type1/public/lm/lmmi10.pfb></home/uokur/.TinyTeX/texmf-dist/fonts/type1/public/lm/lmmi12.pfb></home/uokur/.TinyTeX/texmf-dist/fonts/type1/public/lm/lmmi6.pfb></home/uokur/.TinyTeX/texmf-dist/fonts/type1/public/lm/lmmi8.pfb></home/uokur/.TinyTeX/texmf-dist/fonts/type1/public/lm/lmr10.pfb></home/uokur/.TinyTeX/texmf-dist/fonts/type1/public/lm/lmr12.pfb></home/uokur/.TinyTeX/texmf-dist/fonts/type1/public/lm/lmr17.pfb></home/uokur/.TinyTeX/texmf-dist/fonts/type1/public/lm/lmr6.pfb></home/uokur/.TinyTeX/texmf-dist/fonts/type1/public/lm/lmr8.pfb></home/uokur/.TinyTeX/texmf-dist/fonts/type1/public/lm/lmri10.pfb></home/uokur/.TinyTeX/texmf-dist/fonts/type1/public/lm/lmri9.pfb></home/uokur/.TinyTeX/texmf-dist/fonts/type1/public/lm/lmss10.pfb></home/uokur/.TinyTeX/texmf-dist/fonts/type1/public/lm/lmsy10.pfb></home/uokur/.TinyTeX/texmf-dist/fonts/type1/public/lm/lmsy6.pfb></home/uokur/.TinyTeX/texmf-dist/fonts/type1/public/lm/lmsy8.pfb></home/uokur/.TinyTeX/texmf-dist/fonts/type1/public/lm/lmtt10.pfb></home/uokur/.TinyTeX/texmf-dist/fonts/type1/public/lm/lmtt9.pfb></home/uokur/.TinyTeX/texmf-dist/fonts/type1/public/lm/lmtti10.pfb></home/uokur/.TinyTeX/texmf-dist/fonts/type1/public/amsfonts/symbols/msam10.pfb></home/uokur/.TinyTeX/texmf-dist/fonts/type1/public/amsfonts/symbols/msbm10.pfb>
Output written on /home/uokur/claude_workspace/ConwayO7/blueprint/print/print.pdf (33 pages, 500270 bytes).
PDF statistics:
 731 PDF objects out of 1000 (max. 8388607)
 639 compressed objects within 7 object streams
 198 named destinations out of 1000 (max. 500000)
 225 words of extra memory for PDF output out of 10000 (max. 10000000)

